---
source: prqlc/prqlc/tests/integration/queries.rs
expression: tokens
input_file: prqlc/prqlc/tests/integration/queries/append_group.prql
---
Tokens(
    [
        0..0: Start,
        0..4: Ident("from"),
        5..13: Ident("invoices"),
        13..14: NewLine,
        14..20: Ident("select"),
        21..22: Control('{'),
        23..33: Ident("invoice_id"),
        33..34: Control(','),
        35..46: Ident("customer_id"),
        46..47: Control(','),
        48..60: Ident("invoice_date"),
        61..62: Control('}'),
        62..63: NewLine,
        63..69: Ident("append"),
        70..71: Control('('),
        71..72: NewLine,
        74..78: Ident("from"),
        79..87: Ident("invoices"),
        87..88: NewLine,
        90..96: Ident("select"),
        97..98: Control('{'),
        99..109: Ident("invoice_id"),
        109..110: Control(','),
        111..122: Ident("customer_id"),
        122..123: Control(','),
        124..136: Ident("invoice_date"),
        137..138: Control('}'),
        138..139: NewLine,
        139..140: Control(')'),
        140..141: NewLine,
        141..146: Ident("group"),
        147..148: Control('{'),
        149..160: Ident("customer_id"),
        161..162: Control('}'),
        163..164: Control('('),
        164..173: Ident("aggregate"),
        174..175: Control('{'),
        176..181: Ident("count"),
        182..183: Control('='),
        184..189: Ident("count"),
        190..200: Ident("invoice_id"),
        201..202: Control('}'),
        202..203: Control(')'),
        203..204: NewLine,
    ],
)
