---
source: prqlc/prqlc/tests/integration/queries.rs
expression: tokens
input_file: prqlc/prqlc/tests/integration/queries/append_select_nulls.shortform.prql
---
Tokens(
    [
        0..0: Start,
        0..17: Comment(" clickhouse:skip"),
        17..18: NewLine,
        18..32: Comment(" glaredb:skip"),
        32..33: NewLine,
        33..46: Comment(" sqlite:skip"),
        46..47: NewLine,
        47..59: Comment(" mysql:skip"),
        59..60: NewLine,
        60..61: NewLine,
        61..74: Comment(" duckdb:test"),
        74..75: NewLine,
        75..90: Comment(" postgres:test"),
        90..91: NewLine,
        91..92: NewLine,
        92..116: Comment(" default-dialect:duckdb"),
        116..117: NewLine,
        117..118: NewLine,
        118..122: Ident("from"),
        123..131: Ident("invoices"),
        131..132: NewLine,
        132..138: Ident("select"),
        139..140: Control('{'),
        140..145: Ident("an_id"),
        146..147: Control('='),
        148..158: Ident("invoice_id"),
        158..159: Control(','),
        160..164: Ident("name"),
        165..166: Control('='),
        167..171: Literal(Null),
        171..172: Control('}'),
        172..173: NewLine,
        173..177: Ident("take"),
        178..179: Literal(Integer(2)),
        179..180: NewLine,
        180..186: Ident("append"),
        187..188: Control('('),
        188..189: NewLine,
        191..195: Ident("from"),
        196..205: Ident("employees"),
        205..206: NewLine,
        208..214: Ident("select"),
        215..216: Control('{'),
        216..221: Ident("an_id"),
        222..223: Control('='),
        224..228: Literal(Null),
        228..229: Control(','),
        230..234: Ident("name"),
        235..236: Control('='),
        237..247: Ident("first_name"),
        247..248: Control('}'),
        248..249: NewLine,
        251..255: Ident("take"),
        256..257: Literal(Integer(2)),
        257..258: NewLine,
        258..259: Control(')'),
        259..260: NewLine,
    ],
)
