---
source: prqlc/prqlc/tests/integration/queries.rs
expression: tokens
input_file: prqlc/prqlc/tests/integration/queries/append_select_nulls.longform.prql
---
Tokens(
    [
        0..0: Start,
        0..13: Comment(" duckdb:skip"),
        13..14: NewLine,
        14..29: Comment(" postgres:skip"),
        29..30: NewLine,
        30..31: NewLine,
        31..35: Ident("from"),
        36..44: Ident("invoices"),
        44..45: NewLine,
        45..51: Ident("select"),
        52..53: Control('{'),
        53..58: Ident("an_id"),
        59..60: Control('='),
        61..71: Ident("invoice_id"),
        71..72: Control(','),
        73..77: Ident("name"),
        78..79: Control('='),
        80..84: Literal(Null),
        84..85: Control('}'),
        85..86: NewLine,
        86..90: Ident("take"),
        91..92: Literal(Integer(2)),
        92..93: NewLine,
        93..99: Ident("append"),
        100..101: Control('('),
        101..102: NewLine,
        104..108: Ident("from"),
        109..118: Ident("employees"),
        118..119: NewLine,
        121..127: Ident("select"),
        128..129: Control('{'),
        129..134: Ident("an_id"),
        135..136: Control('='),
        137..141: Literal(Null),
        141..142: Control(','),
        143..147: Ident("name"),
        148..149: Control('='),
        150..160: Ident("first_name"),
        160..161: Control('}'),
        161..162: NewLine,
        164..168: Ident("take"),
        169..170: Literal(Integer(2)),
        170..171: NewLine,
        171..172: Control(')'),
        172..173: NewLine,
    ],
)
